# Gemini CLI Device Status Report - 2026-05-05-212044

## System Information
Linux hughsecond 6.6.87.2-microsoft-standard-WSL2 #1 SMP PREEMPT_DYNAMIC Thu Jun  5 18:30:46 UTC 2025 x86_64 x86_64 x86_64 GNU/Linux

## Disk Usage
Filesystem                                Size  Used Avail Use% Mounted on
none                                       12G     0   12G   0% /usr/lib/modules/6.6.87.2-microsoft-standard-WSL2
none                                       12G  4.0K   12G   1% /mnt/wsl
none                                       12G  2.9M   12G   1% /mnt/wsl/docker-desktop/shared-sockets/host-services
/dev/sde                                  129M   66M   54M  55% /mnt/wsl/docker-desktop/docker-desktop-user-distro
/dev/loop0                                716M  716M     0 100% /mnt/wsl/docker-desktop/cli-tools
drivers                                   931G  832G   99G  90% /usr/lib/wsl/drivers
/dev/sdd                                 1007G  301G  656G  32% /
none                                       12G  124K   12G   1% /mnt/wslg
none                                       12G     0   12G   0% /usr/lib/wsl/lib
rootfs                                     12G  2.7M   12G   1% /init
none                                       12G  992K   12G   1% /run
none                                       12G     0   12G   0% /run/lock
none                                       12G  168K   12G   1% /run/shm
none                                       12G   76K   12G   1% /mnt/wslg/versions.txt
none                                       12G   76K   12G   1% /mnt/wslg/doc
C:\                                       931G  832G   99G  90% /mnt/c
D:\                                       3.7T  3.7T  2.5G 100% /mnt/d
E:\                                       3.7T  3.7T   12G 100% /mnt/e
F:\                                       7.3T  626G  6.7T   9% /mnt/f
G:\                                       7.3T  7.2T   91G  99% /mnt/g
I:\                                       1.9T  4.0M  1.9T   1% /mnt/i
snapfuse                                   67M   67M     0 100% /snap/core24/1587
snapfuse                                   67M   67M     0 100% /snap/core24/1499
snapfuse                                   50M   50M     0 100% /snap/snapd/26865
snapfuse                                   49M   49M     0 100% /snap/snapd/26382
tmpfs                                     2.4G   36K  2.4G   1% /run/user/1000
tmpfs                                     2.4G   24K  2.4G   1% /run/user/0
C:\Program Files\Docker\Docker\resources  931G  832G   99G  90% /Docker/host

## Memory Usage
               total        used        free      shared  buff/cache   available
Mem:            23Gi       6.5Gi       739Mi        22Mi        16Gi        17Gi
Swap:          8.0Gi       4.5Mi       8.0Gi
